gen_id_by_user/16       time:   [455.62 ns 455.83 ns 456.06 ns]
                        change: [-0.5379% -0.4585% -0.3897%] (p = 0.00 < 0.05)
                        Change within noise threshold.
Found 5 outliers among 100 measurements (5.00%)
  4 (4.00%) high mild
  1 (1.00%) high severe

gen_id_by_user/64       time:   [564.50 ns 564.68 ns 565.00 ns]
                        change: [-1.0595% -0.9954% -0.9373%] (p = 0.00 < 0.05)
                        Change within noise threshold.
Found 7 outliers among 100 measurements (7.00%)
  5 (5.00%) high mild
  2 (2.00%) high severe

gen_id_by_user/256      time:   [949.75 ns 949.98 ns 950.26 ns]
                        change: [+0.8504% +0.9993% +1.1294%] (p = 0.00 < 0.05)
                        Change within noise threshold.
Found 11 outliers among 100 measurements (11.00%)
  11 (11.00%) high severe

gen_id_by_user/1024     time:   [2.4331 µs 2.4336 µs 2.4345 µs]
                        change: [-1.0628% -0.8694% -0.7045%] (p = 0.00 < 0.05)
                        Change within noise threshold.
Found 8 outliers among 100 measurements (8.00%)
  1 (1.00%) high mild
  7 (7.00%) high severe

gen_id_by_user/4096     time:   [8.2730 µs 8.2749 µs 8.2786 µs]
Found 9 outliers among 100 measurements (9.00%)
  2 (2.00%) high mild
  7 (7.00%) high severe

gen_id_by_eems/4096     time:   [23.567 µs 23.572 µs 23.579 µs]
Found 8 outliers among 100 measurements (8.00%)
  2 (2.00%) high mild
  6 (6.00%) high severe

